// Jest Snapshot v1, https://goo.gl/fbAQLP

exports[`should render NotFoundPage correctly 1`] = `
<div>
  404 Page - 
  <a
    href="/"
  >
    go back
  </a>
  <br />
  <Link
    replace={false}
    to="/"
  >
    go back without page-refresh
  </Link>
</div>
`;
